// Jest Snapshot v1, https://goo.gl/fbAQLP

exports[`Search Page It should render without crashing 1`] = `
Array [
  <header
    className="MuiPaper-root MuiAppBar-root MuiAppBar-positionStatic MuiAppBar-colorDefault MuiPaper-elevation4"
  >
    <div
      className="MuiToolbar-root MuiToolbar-regular MuiToolbar-gutters"
    >
      <h6
        className="MuiTypography-root MuiTypography-h6"
      >
        <a
          className="MuiTypography-root MuiLink-root MuiLink-underlineHover MuiTypography-colorPrimary"
          href="/"
          onBlur={[Function]}
          onFocus={[Function]}
        >
          PartyUp
        </a>
      </h6>
      <div
        className="MuiBox-root MuiBox-root-1"
      >
        <div
          className="MuiFormControl-root MuiTextField-root"
          onKeyDown={[Function]}
        >
          <label
            className="MuiFormLabel-root MuiInputLabel-root MuiInputLabel-formControl MuiInputLabel-animated MuiInputLabel-filled"
            data-shrink={false}
          >
            Enter game name
          </label>
          <div
            className="MuiInputBase-root MuiFilledInput-root MuiFilledInput-underline MuiInputBase-formControl"
            onClick={[Function]}
          >
            <input
              aria-invalid={false}
              autoFocus={false}
              className="MuiInputBase-input MuiFilledInput-input"
              disabled={false}
              onAnimationStart={[Function]}
              onBlur={[Function]}
              onChange={[Function]}
              onFocus={[Function]}
              required={false}
              type="text"
            />
          </div>
        </div>
      </div>
      <div
        className="MuiGrid-root MuiGrid-justify-xs-flex-end"
      >
        <button
          className="MuiButtonBase-root MuiButton-root MuiButton-text"
          disabled={false}
          id="ProfileButton"
          onBlur={[Function]}
          onClick={[Function]}
          onDragLeave={[Function]}
          onFocus={[Function]}
          onKeyDown={[Function]}
          onKeyUp={[Function]}
          onMouseDown={[Function]}
          onMouseLeave={[Function]}
          onMouseUp={[Function]}
          onTouchEnd={[Function]}
          onTouchMove={[Function]}
          onTouchStart={[Function]}
          tabIndex={0}
          type="button"
        >
          <span
            className="MuiButton-label"
          >
            Profile
          </span>
        </button>
      </div>
      <div
        className="MuiGrid-root MuiGrid-justify-xs-flex-end"
      >
        <button
          className="MuiButtonBase-root MuiButton-root MuiButton-text"
          disabled={false}
          onBlur={[Function]}
          onClick={[Function]}
          onDragLeave={[Function]}
          onFocus={[Function]}
          onKeyDown={[Function]}
          onKeyUp={[Function]}
          onMouseDown={[Function]}
          onMouseLeave={[Function]}
          onMouseUp={[Function]}
          onTouchEnd={[Function]}
          onTouchMove={[Function]}
          onTouchStart={[Function]}
          tabIndex={0}
          type="button"
        >
          <span
            className="MuiButton-label"
          >
            Logout
          </span>
        </button>
      </div>
    </div>
  </header>,
  <div
    className="MuiBox-root MuiBox-root-2"
  >
    <ul
      className="MuiGridList-root"
      style={
        Object {
          "margin": -4,
        }
      }
    />
  </div>,
]
`;
