// Jest Snapshot v1, https://goo.gl/fbAQLP

exports[`MatchestList It should mount 1`] = `
<div
  className="MuiBox-root MuiBox-root-1"
>
  <ul
    className="MuiGridList-root"
    style={
      Object {
        "margin": -4,
      }
    }
  >
    <li
      className="MuiGridListTile-root"
      onClick={[Function]}
      style={
        Object {
          "height": "auto",
          "padding": 4,
          "width": "Infinity%",
        }
      }
    >
      <div
        className="MuiGridListTile-tile"
      >
        <div
          className="MuiPaper-root MuiCard-root MuiPaper-elevation1 MuiPaper-rounded"
        >
          <div
            className="MuiCardContent-root"
          >
            <h3>
              TestDisplayName
            </h3>
            <h5>
              undefined
            </h5>
            <h5>
              80% match
            </h5>
          </div>
        </div>
      </div>
    </li>
  </ul>
</div>
`;
